// Jest Snapshot v1, https://goo.gl/fbAQLP

exports[`CategoricalList component renders categorical list 1`] = `
ShallowWrapper {
  Symbol(enzyme.__root__): [Circular],
  Symbol(enzyme.__unrendered__): <CategoricalList
    bins={
      Array [
        Object {
          "label": "one",
          "nodes": Array [
            1,
            2,
            3,
          ],
          "value": 1,
        },
        Object {
          "label": "two",
          "nodes": Array [
            4,
            5,
          ],
          "value": 2,
        },
      ]
    }
    expandedBinValue=""
    getLabel={[Function]}
    isDragging={false}
    meta={Object {}}
    prompt={
      Object {
        "id": 1,
      }
    }
    stage={
      Object {
        "id": 1,
      }
    }
  />,
  Symbol(enzyme.__renderer__): Object {
    "batchedUpdates": [Function],
    "getNode": [Function],
    "render": [Function],
    "simulateError": [Function],
    "simulateEvent": [Function],
    "unmount": [Function],
  },
  Symbol(enzyme.__node__): Object {
    "instance": null,
    "key": undefined,
    "nodeType": "host",
    "props": Object {
      "children": <Flipper
        applyTransformOrigin={true}
        className="categorical-list__items"
        element="div"
        flipKey=""
      >
        <div
          className="categorical-list__item"
          onClick={[Function]}
          style={
            Object {
              "height": "undefinedpx",
              "width": "undefinedpx",
            }
          }
        >
          <withState(withProps(DropTarget))
            accentColor={null}
            details="label and 2 others"
            id="CATBIN_ITEM_1_1_1"
            isExpanded={false}
            label="one"
            nodes={
              Array [
                1,
                2,
                3,
              ]
            }
            onClick={[Function]}
            onDrop={[Function]}
          />
        </div>
        <div
          className="categorical-list__item"
          onClick={[Function]}
          style={
            Object {
              "height": "undefinedpx",
              "width": "undefinedpx",
            }
          }
        >
          <withState(withProps(DropTarget))
            accentColor={null}
            details="label and 1 other"
            id="CATBIN_ITEM_1_1_2"
            isExpanded={false}
            label="two"
            nodes={
              Array [
                4,
                5,
              ]
            }
            onClick={[Function]}
            onDrop={[Function]}
          />
        </div>
      </Flipper>,
      "className": "categorical-list categorical-list--items--2",
      "onClick": [Function],
    },
    "ref": Object {
      "current": null,
    },
    "rendered": Object {
      "instance": null,
      "key": undefined,
      "nodeType": "class",
      "props": Object {
        "applyTransformOrigin": true,
        "children": Array [
          Array [],
          Array [
            <div
              className="categorical-list__item"
              onClick={[Function]}
              style={
                Object {
                  "height": "undefinedpx",
                  "width": "undefinedpx",
                }
              }
            >
              <withState(withProps(DropTarget))
                accentColor={null}
                details="label and 2 others"
                id="CATBIN_ITEM_1_1_1"
                isExpanded={false}
                label="one"
                nodes={
                  Array [
                    1,
                    2,
                    3,
                  ]
                }
                onClick={[Function]}
                onDrop={[Function]}
              />
            </div>,
            <div
              className="categorical-list__item"
              onClick={[Function]}
              style={
                Object {
                  "height": "undefinedpx",
                  "width": "undefinedpx",
                }
              }
            >
              <withState(withProps(DropTarget))
                accentColor={null}
                details="label and 1 other"
                id="CATBIN_ITEM_1_1_2"
                isExpanded={false}
                label="two"
                nodes={
                  Array [
                    4,
                    5,
                  ]
                }
                onClick={[Function]}
                onDrop={[Function]}
              />
            </div>,
          ],
        ],
        "className": "categorical-list__items",
        "element": "div",
        "flipKey": "",
      },
      "ref": null,
      "rendered": Array [
        Object {
          "instance": null,
          "key": "1",
          "nodeType": "host",
          "props": Object {
            "children": <withState(withProps(DropTarget))
              accentColor={null}
              details="label and 2 others"
              id="CATBIN_ITEM_1_1_1"
              isExpanded={false}
              label="one"
              nodes={
                Array [
                  1,
                  2,
                  3,
                ]
              }
              onClick={[Function]}
              onDrop={[Function]}
            />,
            "className": "categorical-list__item",
            "onClick": [Function],
            "style": Object {
              "height": "undefinedpx",
              "width": "undefinedpx",
            },
          },
          "ref": null,
          "rendered": Object {
            "instance": null,
            "key": "1",
            "nodeType": "class",
            "props": Object {
              "accentColor": null,
              "details": "label and 2 others",
              "id": "CATBIN_ITEM_1_1_1",
              "isExpanded": false,
              "label": "one",
              "nodes": Array [
                1,
                2,
                3,
              ],
              "onClick": [Function],
              "onDrop": [Function],
              "sortOrder": undefined,
            },
            "ref": null,
            "rendered": null,
            "type": [Function],
          },
          "type": "div",
        },
        Object {
          "instance": null,
          "key": "2",
          "nodeType": "host",
          "props": Object {
            "children": <withState(withProps(DropTarget))
              accentColor={null}
              details="label and 1 other"
              id="CATBIN_ITEM_1_1_2"
              isExpanded={false}
              label="two"
              nodes={
                Array [
                  4,
                  5,
                ]
              }
              onClick={[Function]}
              onDrop={[Function]}
            />,
            "className": "categorical-list__item",
            "onClick": [Function],
            "style": Object {
              "height": "undefinedpx",
              "width": "undefinedpx",
            },
          },
          "ref": null,
          "rendered": Object {
            "instance": null,
            "key": "2",
            "nodeType": "class",
            "props": Object {
              "accentColor": null,
              "details": "label and 1 other",
              "id": "CATBIN_ITEM_1_1_2",
              "isExpanded": false,
              "label": "two",
              "nodes": Array [
                4,
                5,
              ],
              "onClick": [Function],
              "onDrop": [Function],
              "sortOrder": undefined,
            },
            "ref": null,
            "rendered": null,
            "type": [Function],
          },
          "type": "div",
        },
      ],
      "type": [Function],
    },
    "type": "div",
  },
  Symbol(enzyme.__nodes__): Array [
    Object {
      "instance": null,
      "key": undefined,
      "nodeType": "host",
      "props": Object {
        "children": <Flipper
          applyTransformOrigin={true}
          className="categorical-list__items"
          element="div"
          flipKey=""
        >
          <div
            className="categorical-list__item"
            onClick={[Function]}
            style={
              Object {
                "height": "undefinedpx",
                "width": "undefinedpx",
              }
            }
          >
            <withState(withProps(DropTarget))
              accentColor={null}
              details="label and 2 others"
              id="CATBIN_ITEM_1_1_1"
              isExpanded={false}
              label="one"
              nodes={
                Array [
                  1,
                  2,
                  3,
                ]
              }
              onClick={[Function]}
              onDrop={[Function]}
            />
          </div>
          <div
            className="categorical-list__item"
            onClick={[Function]}
            style={
              Object {
                "height": "undefinedpx",
                "width": "undefinedpx",
              }
            }
          >
            <withState(withProps(DropTarget))
              accentColor={null}
              details="label and 1 other"
              id="CATBIN_ITEM_1_1_2"
              isExpanded={false}
              label="two"
              nodes={
                Array [
                  4,
                  5,
                ]
              }
              onClick={[Function]}
              onDrop={[Function]}
            />
          </div>
        </Flipper>,
        "className": "categorical-list categorical-list--items--2",
        "onClick": [Function],
      },
      "ref": Object {
        "current": null,
      },
      "rendered": Object {
        "instance": null,
        "key": undefined,
        "nodeType": "class",
        "props": Object {
          "applyTransformOrigin": true,
          "children": Array [
            Array [],
            Array [
              <div
                className="categorical-list__item"
                onClick={[Function]}
                style={
                  Object {
                    "height": "undefinedpx",
                    "width": "undefinedpx",
                  }
                }
              >
                <withState(withProps(DropTarget))
                  accentColor={null}
                  details="label and 2 others"
                  id="CATBIN_ITEM_1_1_1"
                  isExpanded={false}
                  label="one"
                  nodes={
                    Array [
                      1,
                      2,
                      3,
                    ]
                  }
                  onClick={[Function]}
                  onDrop={[Function]}
                />
              </div>,
              <div
                className="categorical-list__item"
                onClick={[Function]}
                style={
                  Object {
                    "height": "undefinedpx",
                    "width": "undefinedpx",
                  }
                }
              >
                <withState(withProps(DropTarget))
                  accentColor={null}
                  details="label and 1 other"
                  id="CATBIN_ITEM_1_1_2"
                  isExpanded={false}
                  label="two"
                  nodes={
                    Array [
                      4,
                      5,
                    ]
                  }
                  onClick={[Function]}
                  onDrop={[Function]}
                />
              </div>,
            ],
          ],
          "className": "categorical-list__items",
          "element": "div",
          "flipKey": "",
        },
        "ref": null,
        "rendered": Array [
          Object {
            "instance": null,
            "key": "1",
            "nodeType": "host",
            "props": Object {
              "children": <withState(withProps(DropTarget))
                accentColor={null}
                details="label and 2 others"
                id="CATBIN_ITEM_1_1_1"
                isExpanded={false}
                label="one"
                nodes={
                  Array [
                    1,
                    2,
                    3,
                  ]
                }
                onClick={[Function]}
                onDrop={[Function]}
              />,
              "className": "categorical-list__item",
              "onClick": [Function],
              "style": Object {
                "height": "undefinedpx",
                "width": "undefinedpx",
              },
            },
            "ref": null,
            "rendered": Object {
              "instance": null,
              "key": "1",
              "nodeType": "class",
              "props": Object {
                "accentColor": null,
                "details": "label and 2 others",
                "id": "CATBIN_ITEM_1_1_1",
                "isExpanded": false,
                "label": "one",
                "nodes": Array [
                  1,
                  2,
                  3,
                ],
                "onClick": [Function],
                "onDrop": [Function],
                "sortOrder": undefined,
              },
              "ref": null,
              "rendered": null,
              "type": [Function],
            },
            "type": "div",
          },
          Object {
            "instance": null,
            "key": "2",
            "nodeType": "host",
            "props": Object {
              "children": <withState(withProps(DropTarget))
                accentColor={null}
                details="label and 1 other"
                id="CATBIN_ITEM_1_1_2"
                isExpanded={false}
                label="two"
                nodes={
                  Array [
                    4,
                    5,
                  ]
                }
                onClick={[Function]}
                onDrop={[Function]}
              />,
              "className": "categorical-list__item",
              "onClick": [Function],
              "style": Object {
                "height": "undefinedpx",
                "width": "undefinedpx",
              },
            },
            "ref": null,
            "rendered": Object {
              "instance": null,
              "key": "2",
              "nodeType": "class",
              "props": Object {
                "accentColor": null,
                "details": "label and 1 other",
                "id": "CATBIN_ITEM_1_1_2",
                "isExpanded": false,
                "label": "two",
                "nodes": Array [
                  4,
                  5,
                ],
                "onClick": [Function],
                "onDrop": [Function],
                "sortOrder": undefined,
              },
              "ref": null,
              "rendered": null,
              "type": [Function],
            },
            "type": "div",
          },
        ],
        "type": [Function],
      },
      "type": "div",
    },
  ],
  Symbol(enzyme.__options__): Object {
    "adapter": ReactSixteenAdapter {
      "options": Object {
        "enableComponentDidUpdateOnSetState": true,
        "lifecycles": Object {
          "componentDidUpdate": Object {
            "onSetState": true,
          },
          "getDerivedStateFromProps": true,
          "getSnapshotBeforeUpdate": true,
          "setState": Object {
            "skipsComponentDidUpdateOnNullish": true,
          },
        },
      },
    },
  },
}
`;
